{
    "events": {
        "id": "no-valid-events"
    }
}