{
    "events": {
        "id": "no-canceled-events"
    }
}