{
    "events": {
        "id": "not-a-valid-post-type"
    }
}