			<a
				title="Copy to clipboard"
				href="javascript:void(0)"
				aria-label="Copy to clipboard"
				aria-describedby="tec-copy-to-clipboard-notice-content-5"
				data-clipboard-action="copy"
				data-notice-target=".tec-copy-to-clipboard-notice-content-5"
				data-clipboard-target=".tec-copy-text-target-5"
				class="tribe-copy-to-clipboard tribe-dashicons"
				role="button"
			>
				<input type="text" readonly value="Copy me!" aria-hidden="true" />
				<span class="dashicons dashicons-admin-page" aria-hidden="true"></span>
			</a>
						<span class="screen-reader-text tec-copy-text-target-5">Copy me!</span>
			<div class="tec-copy-to-clipboard-notice">
				<div class="tec-copy-to-clipboard-notice-content tec-copy-to-clipboard-notice-content-5" aria-live="polite">
				</div>
			</div>
		