			<span class="screen-reader-text tec-copy-text-target-4">Copy me!</span>
			<div class="tec-copy-to-clipboard-notice">
				<div class="tec-copy-to-clipboard-notice-content tec-copy-to-clipboard-notice-content-4" aria-live="polite">
				</div>
			</div>
		