{
    "events": {
        "id": "no-new-events"
    }
}