<svg
	 class="tribe-common-c-svgicon tribe-common-c-svgicon--close-alt test-class-1 test-class-2" 	aria-hidden="true"
	viewBox="0 0 8 8"
	xmlns="http://www.w3.org/2000/svg"
>
	<path d="M1 1l6 6M7 1L1 7" stroke-width="1.5" stroke-linecap="round" stroke-linejoin="round"/>
</svg>
