<svg
	 class="tribe-common-c-svgicon tribe-common-c-svgicon--error" 	aria-hidden="true"
	viewBox="0 0 18 18"
	xmlns="http://www.w3.org/2000/svg"
>
	<g fill-rule="evenodd" transform="translate(1 1)">
		<circle cx="8" cy="8" r="7.467" stroke-linecap="round" stroke-linejoin="round" stroke-width="1.5" class="tribe-common-c-svgicon__svg-stroke"/>
		<circle cx="8" cy="11.733" r="1.067" fill-rule="nonzero" class="tribe-common-c-svgicon__svg-fill"/>
		<path stroke-linecap="round" stroke-linejoin="round" stroke-width="1.5" d="M8 3.733v4.8" class="tribe-common-c-svgicon__svg-stroke"/>
	</g>
</svg>
