<svg
	 class="tribe-common-c-svgicon tribe-common-c-svgicon--plus" 	aria-hidden="true"
	viewBox="0 0 12 12"
	xmlns="http://www.w3.org/2000/svg"
>
	<path d="M11 5.881H1M5.88 1v10" stroke-width="2" stroke-linecap="square"/>
</svg>
