<svg
	 class="tribe-common-c-svgicon tribe-common-c-svgicon--website test-class-1 test-class-2" 	aria-hidden="true"
	viewBox="0 0 16 18"
	xmlns="http://www.w3.org/2000/svg"
>
	<path d="M14.531 1.5l-7.5 8M7.969 1.5h6.562v7M4.219 1.5H1.406c-.517 0-.937.448-.937 1v13c0 .552.42 1 .937 1h12.188c.517 0 .937-.448.937-1v-3" stroke-width="1.5" stroke-linecap="round" stroke-linejoin="round" class="tribe-common-c-svgicon__svg-stroke"/>
</svg>
