<div
	 class="tribe-common-control tribe-common-control--switch test-class-1 test-class-4" >
	<input
		 class="tribe-common-switch__input test-class-2" 		id="switch-id"
		name="switch-status"
		type="checkbox"
		value="0"
		 checked='checked'			/>

	<label  class="tribe-common-switch__label test-class-3"  for="switch-id">
		<span class="screen-reader-text">
			Switch Label		</span>
	</label>
</div>
