{
    "attendees": {
        "id": "no-new-checkins"
    }
}