{
    "attendees": {
        "id": "no-valid-checkins"
    }
}