{
    "attendees": {
        "id": "not-a-valid-checkin"
    }
}