{
    "orders": {
        "id": "no-valid-provider"
    }
}