{
    "orders": {
        "id": "no-new-sales"
    }
}