{
    "attendees": {
        "id": "no-updated-attendees"
    }
}