[
    {
        "id": "no-valid-updated-events"
    }
]