<button
	class="test-alert__button test-alert__button-red"
		data-content="dialog-content-test-alert"
	data-js="trigger-dialog-test-alert"
					>Understood</button>
<script data-js="dialog-content-test-alert" type="text/template">
	<div  class="test-alert__content" >
					<h2  class="test-alert__title" >A test alert</h2>
		
		<p>Lorem alert</p>		<div class="tribe-dialog__button_wrap">
			<button class="tribe-button tribe-alert__continue">Alert</button>
		</div>
	</div>
</script>
