{
    "tec-help-tab": {
        "target": "tec-help-tab",
        "class": "tec-nav__tab--active",
        "label": "Support Hub",
        "id": "tec-help-tab",
        "template": "help-hub\/support\/support-hub",
        "args": []
    }
}