
<div
	class="tec-automator-grid tec-automator-grid-row tec-automator-settings-details__container tec-settings-zapier-api-key-details__container"
	data-consumer-id="ci_8a2485a30a1298538da77dbb8e91a8d450ddf3a7"
>
	<div  class="tec-automator-grid-item tec-settings-zapier-details-api-key__name-wrap"  >
	<label
		 class="screen-reader-text tec-settings-zapier-details-api-key__name-label" 		for="tec_automator_zapier_name_ci_8a2485a30a1298538da77dbb8e91a8d450ddf3a7"
	>
		Description	</label>
	<input
		id="tec_automator_zapier_name_ci_8a2485a30a1298538da77dbb8e91a8d450ddf3a7"
		 class="tec-settings-control__text-input tec-automator-settings-details__input tec-automator-settings-details__name-input tec-settings-zapier-details-api-key__name-input" 		type="text"
		name="tec_automator_zapier[][&#039;name&#039;]"
		placeholder="Enter an API Key description"
		value=""
			>
</div>

	<div
	 class="tec-settings-control tec-settings-control__dropdown-wrap tec-automator-grid-item tec-settings-zapier-details-api-key__name-wrap" 	>
	<label
		 class="tec-settings-control__label screen-reader-text" 		for="tec-settings-zapier-users"
	>
		Users	</label>
		<select
		id="tec-settings-zapier-users"
		name="tec_automator_zapier[][&#039;users&#039;]"
		 class="tribe-dropdown tec-settings-control__dropdown tec-settings-form__users-dropdown tec-settings-zapier-details-api-key__users-dropdown" 		value="0"
		style="width: 100%;" 		 placeholder="Select a User" data-prevent-clear data-force-search data-options="[{&quot;text&quot;:&quot;User 231&quot;,&quot;sort&quot;:&quot;User 231&quot;,&quot;id&quot;:&quot;2&quot;,&quot;value&quot;:&quot;2&quot;,&quot;selected&quot;:false},{&quot;text&quot;:&quot;User 233&quot;,&quot;sort&quot;:&quot;User 233&quot;,&quot;id&quot;:&quot;3&quot;,&quot;value&quot;:&quot;3&quot;,&quot;selected&quot;:false},{&quot;text&quot;:&quot;User 235&quot;,&quot;sort&quot;:&quot;User 235&quot;,&quot;id&quot;:&quot;4&quot;,&quot;value&quot;:&quot;4&quot;,&quot;selected&quot;:false},{&quot;text&quot;:&quot;User 236&quot;,&quot;sort&quot;:&quot;User 236&quot;,&quot;id&quot;:&quot;5&quot;,&quot;value&quot;:&quot;5&quot;,&quot;selected&quot;:false},{&quot;text&quot;:&quot;User 255&quot;,&quot;sort&quot;:&quot;User 255&quot;,&quot;id&quot;:&quot;6&quot;,&quot;value&quot;:&quot;6&quot;,&quot;selected&quot;:false},{&quot;text&quot;:&quot;User 256&quot;,&quot;sort&quot;:&quot;User 256&quot;,&quot;id&quot;:&quot;7&quot;,&quot;value&quot;:&quot;7&quot;,&quot;selected&quot;:false},{&quot;text&quot;:&quot;User 257&quot;,&quot;sort&quot;:&quot;User 257&quot;,&quot;id&quot;:&quot;8&quot;,&quot;value&quot;:&quot;8&quot;,&quot;selected&quot;:false},{&quot;text&quot;:&quot;User 258&quot;,&quot;sort&quot;:&quot;User 258&quot;,&quot;id&quot;:&quot;9&quot;,&quot;value&quot;:&quot;9&quot;,&quot;selected&quot;:false},{&quot;text&quot;:&quot;User 298&quot;,&quot;sort&quot;:&quot;User 298&quot;,&quot;id&quot;:&quot;13&quot;,&quot;value&quot;:&quot;13&quot;,&quot;selected&quot;:false},{&quot;text&quot;:&quot;User 299&quot;,&quot;sort&quot;:&quot;User 299&quot;,&quot;id&quot;:&quot;14&quot;,&quot;value&quot;:&quot;14&quot;,&quot;selected&quot;:false},{&quot;text&quot;:&quot;User 300&quot;,&quot;sort&quot;:&quot;User 300&quot;,&quot;id&quot;:&quot;15&quot;,&quot;value&quot;:&quot;15&quot;,&quot;selected&quot;:false},{&quot;text&quot;:&quot;User 301&quot;,&quot;sort&quot;:&quot;User 301&quot;,&quot;id&quot;:&quot;16&quot;,&quot;value&quot;:&quot;16&quot;,&quot;selected&quot;:false},{&quot;text&quot;:&quot;admin&quot;,&quot;sort&quot;:&quot;admin&quot;,&quot;id&quot;:&quot;1&quot;,&quot;value&quot;:&quot;1&quot;,&quot;selected&quot;:false}]" 	>
	</select>
</div>

	<div  class="tec-automator-grid-item tec-settings-zapier-details-api-key__permissions-wrap"  >
	<fieldset class="tec-automator-settings-details__read-only-field">
		<legend class="tec-automator-settings-details__label tribe-field-label screen-reader-text">
			Permissions		</legend>
		<div class="tec-automator-settings-details__field-wrap tribe-field-wrap">
			Read			<input
				id="tec_automator_zapier_permissions_ci_8a2485a30a1298538da77dbb8e91a8d450ddf3a7"
				type="hidden"
				name="tec_automator_zapier[][&#039;permissions&#039;]"
				value="Read"
			>
							<label class="screen-reader-text">
					The permissions for the Zapier API Key.				</label>
					</div>
	</fieldset>
</div>

	<div class="tec-automator-grid-item"></div>

	<div class="tec-automator-grid-item tec-settings-zapier-details__actions tec-settings-zapier-details__api-key-save">
		<button
	class="tec-automator-settings-details-action__generate tec-settings-zapier-detailsaction__generate button-primary"
	type="button"
	data-ajax-generate-url="http://wordpress.test/wp-admin/admin-ajax.php?action=tec_automator_ev_zapier_settings_create_access_token&#038;event_automator_request=c6f01bbbe9&#038;_ajax_nonce=c6f01bbbe9&#038;consumer_id=ci_8a2485a30a1298538da77dbb8e91a8d450ddf3a7"
	data-generate-error="Description or User missing. Please add a description and select a user before generating a key pair."
>
	<span>
		Generate	</span>
</button>
	</div>
</div>
