
<div
	id="tec-common-settings-message"
	 class="tec-automator-settings-message__wrap error" >
	Connection is missing a name.</div>
