
<div
	id="tec-common-settings-message"
	 class="tec-automator-settings-message__wrap updated" >
	Connection was successfully deleted</div>
