
<div
	id="tec-common-settings-message"
	 class="tec-automator-settings-message__wrap error" >
	Zapier API Key pair was not deleted, the consumer id or the API Key information were not found.</div>
