
<div
	id="tec-common-settings-message"
	 class="tec-automator-settings-message__wrap error" >
	Endpoint was not enabled, the endpoint id was not found.</div>
