{
    "tec_zapier_wrapper_open": {
        "type": "html",
        "html": "<div id=\"tribe-settings-zapier-application\" class=\"tec-automator-settings tec-events-settings-zapier-application\">"
    },
    "tec_zapier_header": {
        "type": "html",
        "html": "<div class=\"tec-settings-form__header-block tec-settings-form__header-block--horizontal\">\n\t<div class=\"tribe-events-virtual-loader-wrap\">\n\t<div class=\"tribe-common\">\n\t\t<div  class=\"tribe-events-loader__dots tribe-common-c-loader tribe-common-a11y-hidden\"  >\n\t\t\t<svg  class=\"tribe-common-c-svgicon tribe-common-c-svgicon--dot tribe-common-c-loader__dot tribe-common-c-loader__dot--first\"  viewBox=\"0 0 15 15\" xmlns=\"http:\/\/www.w3.org\/2000\/svg\"><circle cx=\"7.5\" cy=\"7.5\" r=\"7.5\"\/><\/svg>\n\t\t\t<svg  class=\"tribe-common-c-svgicon tribe-common-c-svgicon--dot tribe-common-c-loader__dot tribe-common-c-loader__dot--second\"  viewBox=\"0 0 15 15\" xmlns=\"http:\/\/www.w3.org\/2000\/svg\"><circle cx=\"7.5\" cy=\"7.5\" r=\"7.5\"\/><\/svg>\n\t\t\t<svg  class=\"tribe-common-c-svgicon tribe-common-c-svgicon--dot tribe-common-c-loader__dot tribe-common-c-loader__dot--third\"  viewBox=\"0 0 15 15\" xmlns=\"http:\/\/www.w3.org\/2000\/svg\"><circle cx=\"7.5\" cy=\"7.5\" r=\"7.5\"\/><\/svg>\n\t\t<\/div>\n\t<\/div>\n<\/div>\n\t<h3 id=\"tec-zapier-application-credentials\" class=\"tec-settings-zapier-application__title tec-settings-form__section-header tec-settings-form__section-header--sub\">\n\t\tZapier\t<\/h3>\n\t<p class=\"tec-settings-zapier-application__description tec-settings-form__section-description\">\n\t\tPlease generate a consumer id and secret for each of our applications you are using with Zapier to enable its integrations. i.e.: one consumer id and secret for The Events Calendar and one consumer id and secret for Event Tickets. <a href=\"https:\/\/evnt.is\/1bc8\" target=\"_blank\">Read more about adding and managing access.<\/a>\t<\/p>\n<\/div>\n"
    },
    "tec_zapier_authorize": {
        "type": "html",
        "html": "<fieldset id=\"tec-field-zapier_token\" class=\"tec-automator-api-fields tribe-field tribe-field-text tribe-size-medium tec-settings-form__element--colspan-2\">\n\t<legend class=\"tribe-field-label\">API Keys<\/legend>\n\t<div class=\"tec-automator-settings-message__wrap tec-zapier-api-keys-messages\">\n\t\t\t<\/div>\n\t<div class=\"tec-automator-settings-items__wrap tec-zapier-api-keys-wrap event-automator\">\n\t\t<div class=\"tec-automator-settings-details__container tec-settings-zapier-api-key-details__container tec-settings-zapier-api-key-details__container-header tec-automator-grid tec-automator-grid-header\">\n\t<div class=\"tec-automator-grid-item tec-automator-settings-details__row\">\n\t\tName\t<\/div>\n\t<div class=\"tec-automator-grid-item tec-settings-zapier-details-api-key__user-wrap\">\n\t\tUser\t<\/div>\n\t<div class=\"tec-automator-grid-item tec-settings-zapier-details-api-key__permissions-wrap\">\n\t\tPermissions\t<\/div>\n\t<div class=\"tec-automator-grid-item tec-settings-zapier-details-api-key__last-access-wrap\">\n\t\tLast Access\t<\/div>\n\t<div class=\"tec-automator-grid-item tec-automator-settings-details-action__revoke-wrap tec-common-zapier-details-action__revoke-wrap\">\n\t\tActions\t<\/div>\n<\/div>\n\n<div\n\tclass=\"tec-automator-grid tec-automator-grid-row tec-automator-settings-details__container tec-settings-zapier-api-key-details__container\"\n\tdata-consumer-id=\"ci_8a2485a30a1298538da77dbb8e91a8d450ddf3a7\"\n>\n\t<div  class=\"tec-automator-grid-item tec-settings-zapier-details-api-key__name-wrap\"  >\n\t<label\n\t\t class=\"screen-reader-text tec-settings-zapier-details-api-key__name-label\" \t\tfor=\"tec_automator_zapier_name_ci_8a2485a30a1298538da77dbb8e91a8d450ddf3a7\"\n\t>\n\t\tDescription\t<\/label>\n\t<input\n\t\tid=\"tec_automator_zapier_name_ci_8a2485a30a1298538da77dbb8e91a8d450ddf3a7\"\n\t\t class=\"tec-settings-control__text-input tec-automator-settings-details__input tec-automator-settings-details__name-input tec-settings-zapier-details-api-key__name-input\" \t\ttype=\"text\"\n\t\tname=\"tec_automator_zapier[][&#039;name&#039;]\"\n\t\tplaceholder=\"Enter an API Key description\"\n\t\tvalue=\"\"\n\t\t\t>\n<\/div>\n\n\t<div\n\t class=\"tec-settings-control tec-settings-control__dropdown-wrap tec-automator-grid-item tec-settings-zapier-details-api-key__name-wrap\" \t>\n\t<label\n\t\t class=\"tec-settings-control__label screen-reader-text\" \t\tfor=\"tec-settings-zapier-users\"\n\t>\n\t\tUsers\t<\/label>\n\t\t<select\n\t\tid=\"tec-settings-zapier-users\"\n\t\tname=\"tec_automator_zapier[][&#039;users&#039;]\"\n\t\t class=\"tribe-dropdown tec-settings-control__dropdown tec-settings-form__users-dropdown tec-settings-zapier-details-api-key__users-dropdown\" \t\tvalue=\"0\"\n\t\tstyle=\"width: 100%;\" \t\t placeholder=\"Select a User\" data-prevent-clear data-force-search data-options=\"[{&quot;text&quot;:&quot;User 231&quot;,&quot;sort&quot;:&quot;User 231&quot;,&quot;id&quot;:&quot;2&quot;,&quot;value&quot;:&quot;2&quot;,&quot;selected&quot;:false},{&quot;text&quot;:&quot;User 233&quot;,&quot;sort&quot;:&quot;User 233&quot;,&quot;id&quot;:&quot;3&quot;,&quot;value&quot;:&quot;3&quot;,&quot;selected&quot;:false},{&quot;text&quot;:&quot;User 235&quot;,&quot;sort&quot;:&quot;User 235&quot;,&quot;id&quot;:&quot;4&quot;,&quot;value&quot;:&quot;4&quot;,&quot;selected&quot;:false},{&quot;text&quot;:&quot;User 236&quot;,&quot;sort&quot;:&quot;User 236&quot;,&quot;id&quot;:&quot;5&quot;,&quot;value&quot;:&quot;5&quot;,&quot;selected&quot;:false},{&quot;text&quot;:&quot;User 255&quot;,&quot;sort&quot;:&quot;User 255&quot;,&quot;id&quot;:&quot;6&quot;,&quot;value&quot;:&quot;6&quot;,&quot;selected&quot;:false},{&quot;text&quot;:&quot;User 256&quot;,&quot;sort&quot;:&quot;User 256&quot;,&quot;id&quot;:&quot;7&quot;,&quot;value&quot;:&quot;7&quot;,&quot;selected&quot;:false},{&quot;text&quot;:&quot;User 257&quot;,&quot;sort&quot;:&quot;User 257&quot;,&quot;id&quot;:&quot;8&quot;,&quot;value&quot;:&quot;8&quot;,&quot;selected&quot;:false},{&quot;text&quot;:&quot;User 258&quot;,&quot;sort&quot;:&quot;User 258&quot;,&quot;id&quot;:&quot;9&quot;,&quot;value&quot;:&quot;9&quot;,&quot;selected&quot;:false},{&quot;text&quot;:&quot;User 298&quot;,&quot;sort&quot;:&quot;User 298&quot;,&quot;id&quot;:&quot;13&quot;,&quot;value&quot;:&quot;13&quot;,&quot;selected&quot;:false},{&quot;text&quot;:&quot;User 299&quot;,&quot;sort&quot;:&quot;User 299&quot;,&quot;id&quot;:&quot;14&quot;,&quot;value&quot;:&quot;14&quot;,&quot;selected&quot;:false},{&quot;text&quot;:&quot;User 300&quot;,&quot;sort&quot;:&quot;User 300&quot;,&quot;id&quot;:&quot;15&quot;,&quot;value&quot;:&quot;15&quot;,&quot;selected&quot;:false},{&quot;text&quot;:&quot;User 301&quot;,&quot;sort&quot;:&quot;User 301&quot;,&quot;id&quot;:&quot;16&quot;,&quot;value&quot;:&quot;16&quot;,&quot;selected&quot;:false},{&quot;text&quot;:&quot;admin&quot;,&quot;sort&quot;:&quot;admin&quot;,&quot;id&quot;:&quot;1&quot;,&quot;value&quot;:&quot;1&quot;,&quot;selected&quot;:false}]\" \t>\n\t<\/select>\n<\/div>\n\n\t<div  class=\"tec-automator-grid-item tec-settings-zapier-details-api-key__permissions-wrap\"  >\n\t<fieldset class=\"tec-automator-settings-details__read-only-field\">\n\t\t<legend class=\"tec-automator-settings-details__label tribe-field-label screen-reader-text\">\n\t\t\tPermissions\t\t<\/legend>\n\t\t<div class=\"tec-automator-settings-details__field-wrap tribe-field-wrap\">\n\t\t\tRead\t\t\t<input\n\t\t\t\tid=\"tec_automator_zapier_permissions_ci_8a2485a30a1298538da77dbb8e91a8d450ddf3a7\"\n\t\t\t\ttype=\"hidden\"\n\t\t\t\tname=\"tec_automator_zapier[][&#039;permissions&#039;]\"\n\t\t\t\tvalue=\"Read\"\n\t\t\t>\n\t\t\t\t\t\t\t<label class=\"screen-reader-text\">\n\t\t\t\t\tThe permissions for the Zapier API Key.\t\t\t\t<\/label>\n\t\t\t\t\t<\/div>\n\t<\/fieldset>\n<\/div>\n\n\t<div class=\"tec-automator-grid-item\"><\/div>\n\n\t<div class=\"tec-automator-grid-item tec-settings-zapier-details__actions tec-settings-zapier-details__api-key-save\">\n\t\t<button\n\tclass=\"tec-automator-settings-details-action__generate tec-settings-zapier-detailsaction__generate button-primary\"\n\ttype=\"button\"\n\tdata-ajax-generate-url=\"http:\/\/wordpress.test\/wp-admin\/admin-ajax.php?action=tec_automator_ev_zapier_settings_create_access_token&#038;event_automator_request=123123&#038;_ajax_nonce=123123&#038;consumer_id=ci_8a2485a30a1298538da77dbb8e91a8d450ddf3a7\"\n\tdata-generate-error=\"Description or User missing. Please add a description and select a user before generating a key pair.\"\n>\n\t<span>\n\t\tGenerate\t<\/span>\n<\/button>\n\t<\/div>\n<\/div>\n\t<\/div>\n\t<div class=\"tec-zapier-add-wrap\">\n\t\t<a\n\thref=\"http:\/\/wordpress.test\/wp-admin\/admin-ajax.php?action=tec_automator_ev_zapier_settings_add_connection&#038;event_automator_request=123123&#038;_ajax_nonce=123123\"\n\t class=\"button tec-automator-settings__add-api-key-button\" >\n\t<span class=\"dashicons dashicons-plus\"><\/span>\n\tAdd Connection<\/a>\n\t<\/div>\n<\/fieldset>\n"
    },
    "tec_zapier_wrapper_close": {
        "type": "html",
        "html": "<\/div>"
    },
    "wrapper_open": {
        "type": "html",
        "html": "<div id=\"tribe-settings--application\" class=\"tec-automator-dashboard tec-events-settings-zapier-dashboard\">"
    },
    "wrapper_close": {
        "type": "html",
        "html": "<\/div>"
    }
}