{
    "errors": {
        "invalid_token": [
            "Signature verification failed"
        ]
    },
    "error_data": {
        "invalid_token": {
            "status": 403
        }
    }
}