[
    {
        "id": "no-valid-refunded-orders"
    }
]